PROCESSING SIC
_______________ 
Wed Jun  3 10:07:26 CEST 2026
+ cat config/config_SIC.json
+ sed -e s/FREQ/hourly/
+ sed -e s/DOUT/20260602/
+ 1> config/config_SIC_2026-06-02.json
+ sed -e s/DINI/2026-06-02/g
+ sed -e s/DEND/2026-06-07/
+ cp config/cmems_DOMAIN.dat config/cmems_SIC_2026-06-02.dat
+ cp config/variables_mit_DOMAIN.dat config/variables_mit_SIC_2026-06-02.dat
+ jq -r .diagdir config/config_SIC_2026-06-02.json
+ diagdir=/scratch/cfontana/DIAGS/SIC_2026-06-02
+ jq -r .radardir config/config_SIC_2026-06-02.json
+ radardir=/scratch/cfontana/RADAR/
+ [ 0 -eq 0 -a 0 -eq 1 ]
+ [ 1 -eq 1 ]
+ cd datasets/CMEMS
+ python get_data_sat.py -c SIC_2026-06-02 -v thetao
INFO - 2026-06-03T08:07:29Z - Selected dataset version: "202311"
INFO - 2026-06-03T08:07:29Z - Selected dataset part: "default"
WARNING - 2026-06-03T08:07:29Z - Some of your subset selection [2026-06-02 00:00:00+00:00, 2026-06-07 00:00:00+00:00] for the time dimension exceed the dataset coordinates [2008-01-01 00:00:00+00:00, 2026-06-02 00:00:00+00:00]
----------------------------------
=> Config file SIC_2026-06-02 loaded
----------------------------------

Downloading CMEMS products : SST_MED_SST_L3S_NRT_OBSERVATIONS_010_012_b
=> Variable [np.str_('adjusted_sea_surface_temperature')] 

------------------------------
DATE =>>> 2026-06-02 2026-06-07
------------------------------
  0%|                                                                                          | 0/102 [00:00<?, ?it/s]  1%|▊                                                                                 | 1/102 [00:00<00:49,  2.03it/s]  9%|███████▏                                                                          | 9/102 [00:01<00:09, 10.13it/s] 15%|███████████▉                                                                     | 15/102 [00:01<00:05, 15.97it/s] 18%|██████████████▎                                                                  | 18/102 [00:01<00:04, 18.00it/s] 26%|█████████████████████▍                                                           | 27/102 [00:01<00:03, 24.45it/s] 36%|█████████████████████████████▍                                                   | 37/102 [00:01<00:01, 34.14it/s] 48%|██████████████████████████████████████▉                                          | 49/102 [00:01<00:01, 48.97it/s] 55%|████████████████████████████████████████████▍                                    | 56/102 [00:01<00:01, 43.13it/s] 62%|██████████████████████████████████████████████████                               | 63/102 [00:02<00:00, 46.76it/s] 68%|██████████████████████████████████████████████████████▊                          | 69/102 [00:02<00:00, 46.96it/s] 75%|█████████████████████████████████████████████████████████████▏                   | 77/102 [00:02<00:00, 51.41it/s] 83%|███████████████████████████████████████████████████████████████████▌             | 85/102 [00:02<00:00, 47.50it/s] 93%|███████████████████████████████████████████████████████████████████████████▍     | 95/102 [00:02<00:00, 58.46it/s]100%|████████████████████████████████████████████████████████████████████████████████| 102/102 [00:02<00:00, 37.28it/s]

[FILE SAVED ] /scratch/cfontana/DIAGS/SIC_2026-06-02/CMEMS/data/SST_MED_SST_L3S_NRT_OBSERVATIONS_010_012_b.nc
+ python interp_cmems.py -c SIC_2026-06-02 -v thetao
----------------------------------
=> Config file SIC_2026-06-02 loaded
----------------------------------


[FILE SAVED] /scratch/cfontana/DIAGS/SIC_2026-06-02/CMEMS/thetao/ITP_NC/thetao_20260602.nc

+ [ 2 -eq 2 ]
+ error=1
+ cd ../../plot
+ python plot_CMEMS_pickle_data_vs_sat.py -c SIC_2026-06-02 -v thetao -s CMEMS
